[
  {
    "role": "USER",
    "content": [
      {
        "kind": "TEXT",
        "text": "greet me"
      }
    ]
  },
  {
    "role": "ASSISTANT",
    "content": [
      {
        "kind": "TEXT",
        "text": "Hello! 👋 How can I help you today? I'm here to assist you with reading logs or testing LLM modules. Is there something specific you'd like to do?"
      }
    ],
    "tokenUsage": {
      "inputTokens": 794,
      "outputTokens": 42,
      "totalTokens": 836
    }
  }
]