[
  {
    "role": "user",
    "content": "greet me",
    "token_usage": {
      "input_tokens": 0,
      "output_tokens": 0,
      "cached_token_reads": 0,
      "cached_token_writes": 0,
      "total_tokens": 0
    }
  },
  {
    "role": "assistant",
    "content": "",
    "tool_calls": [
      {
        "id": "call_fb6tIO8RytFBCGatspzFIBga",
        "function": {
          "name": "list_methods",
          "arguments": {}
        },
        "type": "function"
      }
    ],
    "token_usage": {
      "input_tokens": 427,
      "output_tokens": 11,
      "cached_token_reads": 0,
      "cached_token_writes": 0,
      "total_tokens": 438
    }
  },
  {
    "role": "user",
    "content": "null\n",
    "tool_call_id": "call_fb6tIO8RytFBCGatspzFIBga",
    "token_usage": {
      "input_tokens": 0,
      "output_tokens": 0,
      "cached_token_reads": 0,
      "cached_token_writes": 0,
      "total_tokens": 0
    }
  },
  {
    "role": "assistant",
    "content": "It appears that there are no specific available methods for greeting you directly using the current toolset. However, I'm here and happy to greet you!\n\nHello! How can I assist you today?",
    "token_usage": {
      "input_tokens": 447,
      "output_tokens": 40,
      "cached_token_reads": 0,
      "cached_token_writes": 0,
      "total_tokens": 487
    }
  }
]