[
  {
    "role": "user",
    "content": "greet me",
    "token_usage": {
      "input_tokens": 0,
      "output_tokens": 0,
      "total_tokens": 0
    }
  },
  {
    "role": "assistant",
    "content": "Hello! How can I assist you today?",
    "token_usage": {
      "input_tokens": 763,
      "output_tokens": 11,
      "total_tokens": 774
    }
  }
]