[
  {
    "role": "user",
    "content": "tell me the value of PATH"
  },
  {
    "role": "assistant",
    "content": "",
    "tool_calls": [
      {
        "id": "call_Eey2LsfcdFnfUeD4bCHPXyA6",
        "function": {
          "name": "Container_withExec",
          "arguments": {
            "args": [
              "sh",
              "-c",
              "echo $PATH"
            ],
            "self": "Container#1"
          }
        },
        "type": "function"
      }
    ],
    "token_usage": {
      "input_tokens": 5510,
      "output_tokens": 29,
      "cached_token_reads": 0,
      "cached_token_writes": 0,
      "total_tokens": 5539
    }
  },
  {
    "role": "user",
    "content": "/usr/local/sbin:/usr/local/bin:/usr/sbin:/usr/bin:/sbin:/bin\n/usr/local/sbin:/usr/local/bin:/usr/sbin:/usr/bin:/sbin:/bin\n\n{\n  \"result\": \"Container#2\"\n}",
    "tool_call_id": "call_Eey2LsfcdFnfUeD4bCHPXyA6"
  },
  {
    "role": "assistant",
    "content": "The value of PATH in the Alpine Linux container is:\n/usr/local/sbin:/usr/local/bin:/usr/sbin:/usr/bin:/sbin:/bin",
    "token_usage": {
      "input_tokens": 5601,
      "output_tokens": 32,
      "cached_token_reads": 0,
      "cached_token_writes": 0,
      "total_tokens": 5633
    }
  },
  {
    "role": "user",
    "content": "now tell me the value of TERM"
  },
  {
    "role": "assistant",
    "content": "",
    "tool_calls": [
      {
        "id": "call_vMP4nSYdIL3kbEg9tbCj91Tc",
        "function": {
          "name": "Container_withExec",
          "arguments": {
            "args": [
              "sh",
              "-c",
              "echo $TERM"
            ],
            "self": "Container#2"
          }
        },
        "type": "function"
      }
    ],
    "token_usage": {
      "input_tokens": 5647,
      "output_tokens": 29,
      "cached_token_reads": 0,
      "cached_token_writes": 0,
      "total_tokens": 5676
    }
  },
  {
    "role": "user",
    "content": "{\n  \"result\": \"Container#3\"\n}",
    "tool_call_id": "call_vMP4nSYdIL3kbEg9tbCj91Tc"
  },
  {
    "role": "assistant",
    "content": "",
    "tool_calls": [
      {
        "id": "call_EYxBlsxhafynqzTtjma5rYgh",
        "function": {
          "name": "Container_stdout",
          "arguments": {
            "self": "Container#3"
          }
        },
        "type": "function"
      }
    ],
    "token_usage": {
      "input_tokens": 5696,
      "output_tokens": 16,
      "cached_token_reads": 0,
      "cached_token_writes": 0,
      "total_tokens": 5712
    }
  },
  {
    "role": "user",
    "content": "\n",
    "tool_call_id": "call_EYxBlsxhafynqzTtjma5rYgh"
  },
  {
    "role": "assistant",
    "content": "The TERM environment variable is not set in this Alpine Linux container (its value is empty).",
    "token_usage": {
      "input_tokens": 5721,
      "output_tokens": 19,
      "cached_token_reads": 0,
      "cached_token_writes": 0,
      "total_tokens": 5740
    }
  }
]