[
  {
    "role": "user",
    "content": "You are an expert go programmer. You have access to a workspace.\nUse the read, write, build tools to complete the following assignment.\nDo not try to access the container directly.\nDon't stop until your code builds.\n\nAssignment: write a hello world program\n"
  },
  {
    "role": "assistant",
    "content": "I'll help you create a hello world program in Go. Let me start by exploring the available tools and workspace.",
    "tool_calls": [
      {
        "id": "toolu_01GwBEVRiud9cy7gz3RpVKf9",
        "function": {
          "name": "list_objects",
          "arguments": {}
        },
        "type": "function"
      }
    ],
    "token_usage": {
      "input_tokens": 1498,
      "output_tokens": 60,
      "cached_token_reads": 0,
      "cached_token_writes": 0,
      "total_tokens": 1558
    }
  },
  {
    "role": "user",
    "content": "[\n  {\n    \"id\": \"ToyWorkspace#1\",\n    \"description\": \"A toy workspace that can edit files and run 'go build'\"\n  }\n]\n",
    "tool_call_id": "toolu_01GwBEVRiud9cy7gz3RpVKf9"
  },
  {
    "role": "assistant",
    "content": "",
    "tool_calls": [
      {
        "id": "toolu_019W7k5eZpkH3VQkonmVaPmv",
        "function": {
          "name": "list_methods",
          "arguments": {}
        },
        "type": "function"
      }
    ],
    "token_usage": {
      "input_tokens": 1612,
      "output_tokens": 36,
      "cached_token_reads": 0,
      "cached_token_writes": 0,
      "total_tokens": 1648
    }
  },
  {
    "role": "user",
    "content": "[\n  {\n    \"name\": \"ToyWorkspace.build\",\n    \"returns\": \"Void\"\n  },\n  {\n    \"name\": \"ToyWorkspace.read\",\n    \"returns\": \"String!\"\n  },\n  {\n    \"name\": \"ToyWorkspace.write\",\n    \"returns\": \"ToyWorkspace!\",\n    \"required_args\": {\n      \"content\": \"String!\"\n    }\n  }\n]\n",
    "tool_call_id": "toolu_019W7k5eZpkH3VQkonmVaPmv"
  },
  {
    "role": "assistant",
    "content": "Let me select these methods so I can use them:",
    "tool_calls": [
      {
        "id": "toolu_01Gs8MBV4Ypg5iLqKUPTQXF6",
        "function": {
          "name": "select_methods",
          "arguments": {
            "methods": [
              "ToyWorkspace.build",
              "ToyWorkspace.read",
              "ToyWorkspace.write"
            ]
          }
        },
        "type": "function"
      }
    ],
    "token_usage": {
      "input_tokens": 1770,
      "output_tokens": 88,
      "cached_token_reads": 0,
      "cached_token_writes": 0,
      "total_tokens": 1858
    }
  },
  {
    "role": "user",
    "content": "{\n  \"added_methods\": [\n    {\n      \"name\": \"ToyWorkspace.build\",\n      \"returns\": \"Void\",\n      \"description\": \"Build the code at the current directory in the workspace\",\n      \"argsSchema\": {\n        \"properties\": {},\n        \"type\": \"object\"\n      }\n    },\n    {\n      \"name\": \"ToyWorkspace.read\",\n      \"returns\": \"String!\",\n      \"description\": \"Read a file\",\n      \"argsSchema\": {\n        \"properties\": {},\n        \"type\": \"object\"\n      }\n    },\n    {\n      \"name\": \"ToyWorkspace.write\",\n      \"returns\": \"ToyWorkspace!\",\n      \"description\": \"Write a file\",\n      \"argsSchema\": {\n        \"properties\": {\n          \"content\": {\n            \"description\": \"\",\n            \"type\": \"string\"\n          }\n        },\n        \"required\": [\n          \"content\"\n        ],\n        \"type\": \"object\"\n      }\n    }\n  ]\n}\n",
    "tool_call_id": "toolu_01Gs8MBV4Ypg5iLqKUPTQXF6"
  },
  {
    "role": "assistant",
    "content": "Now let me first check if there's already a file in the workspace:",
    "tool_calls": [
      {
        "id": "toolu_018HXggLs3qd7bYkoukAWCyv",
        "function": {
          "name": "call_method",
          "arguments": {
            "args": {},
            "method": "ToyWorkspace.read",
            "self": "ToyWorkspace#1"
          }
        },
        "type": "function"
      }
    ],
    "token_usage": {
      "input_tokens": 2123,
      "output_tokens": 113,
      "cached_token_reads": 0,
      "cached_token_writes": 0,
      "total_tokens": 2236
    }
  },
  {
    "role": "user",
    "content": "failed to sync: select: lstat /app/main.go: no such file or directory\n\n\u003ctraceparent\u003e\n00-c81791cc8a4d868fdaee94ed22f7663e-ef246ea2900e8584-01\n\u003c/traceparent\u003e",
    "tool_call_id": "toolu_018HXggLs3qd7bYkoukAWCyv",
    "tool_errored": true
  },
  {
    "role": "assistant",
    "content": "Good! The workspace doesn't have a file yet. Let me create a simple Go hello world program:",
    "tool_calls": [
      {
        "id": "toolu_01YJ9ZhxhKRX4Ap2HfENaj9H",
        "function": {
          "name": "call_method",
          "arguments": {
            "args": {
              "content": "package main\n\nimport \"fmt\"\n\nfunc main() {\n\tfmt.Println(\"Hello, World!\")\n}\n"
            },
            "method": "ToyWorkspace.write",
            "self": "ToyWorkspace#1"
          }
        },
        "type": "function"
      }
    ],
    "token_usage": {
      "input_tokens": 94,
      "output_tokens": 165,
      "cached_token_reads": 0,
      "cached_token_writes": 2226,
      "total_tokens": 259
    }
  },
  {
    "role": "user",
    "content": "{\n  \"result\": \"ToyWorkspace#2\"\n}\n",
    "tool_call_id": "toolu_01YJ9ZhxhKRX4Ap2HfENaj9H"
  },
  {
    "role": "assistant",
    "content": "Perfect! Now I've created a new workspace with the hello world program. Let me verify the file was written correctly:",
    "tool_calls": [
      {
        "id": "toolu_01XzKzjZmqMqLfNVuFnHSrR9",
        "function": {
          "name": "call_method",
          "arguments": {
            "args": {},
            "method": "ToyWorkspace.read",
            "self": "ToyWorkspace#2"
          }
        },
        "type": "function"
      }
    ],
    "token_usage": {
      "input_tokens": 283,
      "output_tokens": 122,
      "cached_token_reads": 2226,
      "cached_token_writes": 0,
      "total_tokens": 405
    }
  },
  {
    "role": "user",
    "content": "package main\n\nimport \"fmt\"\n\nfunc main() {\n\tfmt.Println(\"Hello, World!\")\n}\n",
    "tool_call_id": "toolu_01XzKzjZmqMqLfNVuFnHSrR9"
  },
  {
    "role": "assistant",
    "content": "Excellent! The file has been created with the correct Go hello world program. Now let me build it to make sure it compiles correctly:",
    "tool_calls": [
      {
        "id": "toolu_012YmYi7EFBMXgo5feF2qbev",
        "function": {
          "name": "call_method",
          "arguments": {
            "args": {},
            "method": "ToyWorkspace.build",
            "self": "ToyWorkspace#2"
          }
        },
        "type": "function"
      }
    ],
    "token_usage": {
      "input_tokens": 443,
      "output_tokens": 127,
      "cached_token_reads": 2226,
      "cached_token_writes": 0,
      "total_tokens": 570
    }
  },
  {
    "role": "user",
    "content": "{\n  \"result\": null\n}\n",
    "tool_call_id": "toolu_012YmYi7EFBMXgo5feF2qbev"
  },
  {
    "role": "assistant",
    "content": "Perfect! The build succeeded with no errors. Let me save the final workspace:",
    "tool_calls": [
      {
        "id": "toolu_01CpQzKxuset3HxmQ6BWBHC6",
        "function": {
          "name": "save",
          "arguments": {
            "result": "ToyWorkspace#2"
          }
        },
        "type": "function"
      }
    ],
    "token_usage": {
      "input_tokens": 591,
      "output_tokens": 73,
      "cached_token_reads": 2226,
      "cached_token_writes": 0,
      "total_tokens": 664
    }
  },
  {
    "role": "user",
    "content": "ok",
    "tool_call_id": "toolu_01CpQzKxuset3HxmQ6BWBHC6"
  }
]