[
  {
    "role": "USER",
    "content": [
      {
        "kind": "TEXT",
        "text": "You are an expert go programmer. You have access to a workspace.\nUse the read, write, build tools to complete the following assignment.\nDo not try to access the container directly.\nDon't stop until your code builds.\n\nAssignment: write a hello world program\n"
      }
    ]
  },
  {
    "role": "ASSISTANT",
    "content": [
      {
        "kind": "TEXT",
        "text": "I'll help you create a Hello World program in Go. Let me start by reading the current contents of main.go, then write the program and build it."
      },
      {
        "kind": "TOOL_CALL",
        "call_id": "toolu_012crW2hQCwNVb48ZwoZUoNA",
        "tool_name": "read",
        "arguments": "{}"
      }
    ],
    "token_usage": {
      "input_tokens": 2,
      "output_tokens": 68,
      "cached_token_reads": 0,
      "cached_token_writes": 1220,
      "total_tokens": 1290
    }
  },
  {
    "role": "USER",
    "content": [
      {
        "kind": "TOOL_RESULT",
        "text": "workspace file \"main.go\": stat main.go: no such file or directory",
        "call_id": "toolu_012crW2hQCwNVb48ZwoZUoNA",
        "errored": true
      }
    ]
  },
  {
    "role": "ASSISTANT",
    "content": [
      {
        "kind": "TEXT",
        "text": "The file doesn't exist yet, so I'll create it with a Hello World program:"
      },
      {
        "kind": "TOOL_CALL",
        "call_id": "toolu_01FZYs2jNfNs3erSnTe3eYUp",
        "tool_name": "write",
        "arguments": "{\"content\":\"package main\\n\\nimport \\\"fmt\\\"\\n\\nfunc main() {\\n\\tfmt.Println(\\\"Hello, World!\\\")\\n}\\n\"}"
      }
    ],
    "token_usage": {
      "input_tokens": 7,
      "output_tokens": 95,
      "cached_token_reads": 1220,
      "cached_token_writes": 100,
      "total_tokens": 1422
    }
  },
  {
    "role": "USER",
    "content": [
      {
        "kind": "TOOL_RESULT",
        "text": "diff --git b/main.go b/main.go\nnew file mode 100644\nindex 0000000..a3dd973\n--- /dev/null\n+++ b/main.go\n@@ -0,0 +1,7 @@\n+package main\n+\n+import \"fmt\"\n+\n+func main() {\n+\tfmt.Println(\"Hello, World!\")\n+}\n",
        "call_id": "toolu_01FZYs2jNfNs3erSnTe3eYUp"
      }
    ]
  },
  {
    "role": "ASSISTANT",
    "content": [
      {
        "kind": "TEXT",
        "text": "Now let me build the program to ensure it compiles successfully:"
      },
      {
        "kind": "TOOL_CALL",
        "call_id": "toolu_01HqccozuzWnAwAznGZV2WAB",
        "tool_name": "build",
        "arguments": "{}"
      }
    ],
    "token_usage": {
      "input_tokens": 6,
      "output_tokens": 48,
      "cached_token_reads": 1320,
      "cached_token_writes": 204,
      "total_tokens": 1578
    }
  },
  {
    "role": "USER",
    "content": [
      {
        "kind": "TOOL_RESULT",
        "text": "go: creating new go.mod: module main\ngo: to add module requirements and sums:\n\tgo mod tidy\ngo: creating new go.mod: module main\ngo: to add module requirements and sums:\n\tgo mod tidy",
        "call_id": "toolu_01HqccozuzWnAwAznGZV2WAB"
      }
    ]
  },
  {
    "role": "ASSISTANT",
    "content": [
      {
        "kind": "TEXT",
        "text": "Perfect! The program has been successfully created and built. The Hello World program:\n\n1. **Package declaration**: `package main` - defines this as an executable program\n2. **Import statement**: `import \"fmt\"` - imports the format package for printing\n3. **Main function**: `func main()` - the entry point of the program\n4. **Print statement**: `fmt.Println(\"Hello, World!\")` - prints \"Hello, World!\" to the console\n\nThe build was successful (Go automatically created a go.mod file for module management). Your Hello World program is ready to run!"
      }
    ],
    "token_usage": {
      "input_tokens": 6,
      "output_tokens": 131,
      "cached_token_reads": 1524,
      "cached_token_writes": 115,
      "total_tokens": 1776
    }
  }
]