[
  {
    "role": "user",
    "content": "You are an expert go programmer. You have access to a workspace.\nUse the read, write, build tools to complete the following assignment.\nDo not try to access the container directly.\nDon't stop until your code builds.\n\nAssignment: write a hello world program\n",
    "token_usage": {
      "input_tokens": 0,
      "output_tokens": 0,
      "total_tokens": 0
    }
  },
  {
    "role": "assistant",
    "content": "",
    "tool_calls": [
      {
        "id": "call_TpyJgy1WzTuqrXL42GAZCFuf",
        "function": {
          "name": "think",
          "arguments": {
            "thought": "The assignment is to write a \"Hello, World!\" program in Go. I have access to a ToyWorkspace where I can read and write files, and run `go build`. My plan is: 1) Write a main.go file with the standard Hello World code, 2) Then try to build the workspace, 3) If it fails, fix any errors, and repeat until build succeeds."
          }
        },
        "type": "function"
      }
    ],
    "token_usage": {
      "input_tokens": 868,
      "output_tokens": 97,
      "total_tokens": 965
    }
  },
  {
    "role": "user",
    "content": "Finished thinking.",
    "tool_call_id": "call_TpyJgy1WzTuqrXL42GAZCFuf",
    "token_usage": {
      "input_tokens": 0,
      "output_tokens": 0,
      "total_tokens": 0
    }
  },
  {
    "role": "assistant",
    "content": "",
    "tool_calls": [
      {
        "id": "call_Nk8u2QV3QtI8Qomh1FMP1RYu",
        "function": {
          "name": "select_tools",
          "arguments": {
            "tools": [
              "ToyWorkspace_write"
            ]
          }
        },
        "type": "function"
      }
    ],
    "token_usage": {
      "input_tokens": 974,
      "output_tokens": 18,
      "total_tokens": 992
    }
  },
  {
    "role": "user",
    "content": "{\n  \"added_tools\": [\n    {\n      \"name\": \"ToyWorkspace_write\",\n      \"description\": \"\\nWrite a file\\n\\n\\nReturn type: ToyWorkspace!\",\n      \"schema\": {\n        \"properties\": {\n          \"ToyWorkspace\": {\n            \"default\": \"ToyWorkspace#1\",\n            \"description\": \"The ToyWorkspace to operate against. Default: ToyWorkspace#1\",\n            \"enum\": [\n              \"ToyWorkspace#1\"\n            ],\n            \"type\": \"string\"\n          },\n          \"content\": {\n            \"description\": \"\",\n            \"type\": \"string\"\n          }\n        },\n        \"required\": [\n          \"ToyWorkspace\",\n          \"content\"\n        ],\n        \"type\": \"object\"\n      }\n    }\n  ]\n}\n",
    "tool_call_id": "call_Nk8u2QV3QtI8Qomh1FMP1RYu",
    "token_usage": {
      "input_tokens": 0,
      "output_tokens": 0,
      "total_tokens": 0
    }
  },
  {
    "role": "assistant",
    "content": "",
    "tool_calls": [
      {
        "id": "call_SGxaKVEmMmXWQvUFFcq43u4D",
        "function": {
          "name": "ToyWorkspace_write",
          "arguments": {
            "content": "package main\n\nimport \"fmt\"\n\nfunc main() {\n    fmt.Println(\"Hello, World!\")\n}\n"
          }
        },
        "type": "function"
      }
    ],
    "token_usage": {
      "input_tokens": 1203,
      "output_tokens": 52,
      "total_tokens": 1255
    }
  },
  {
    "role": "user",
    "content": "{\n  \"result\": \"ToyWorkspace#2\"\n}\n",
    "tool_call_id": "call_SGxaKVEmMmXWQvUFFcq43u4D",
    "token_usage": {
      "input_tokens": 0,
      "output_tokens": 0,
      "total_tokens": 0
    }
  },
  {
    "role": "assistant",
    "content": "",
    "tool_calls": [
      {
        "id": "call_7XTElQgszwvqeFolzTVRjTJD",
        "function": {
          "name": "select_tools",
          "arguments": {
            "tools": [
              "ToyWorkspace_build"
            ]
          }
        },
        "type": "function"
      }
    ],
    "token_usage": {
      "input_tokens": 1324,
      "output_tokens": 18,
      "total_tokens": 1342
    }
  },
  {
    "role": "user",
    "content": "{\n  \"added_tools\": [\n    {\n      \"name\": \"ToyWorkspace_build\",\n      \"description\": \"\\nBuild the code at the current directory in the workspace\\n\\n\\nReturn type: Void\",\n      \"schema\": {\n        \"properties\": {\n          \"ToyWorkspace\": {\n            \"default\": \"ToyWorkspace#2\",\n            \"description\": \"The ToyWorkspace to operate against. Default: ToyWorkspace#2\",\n            \"enum\": [\n              \"ToyWorkspace#2\",\n              \"ToyWorkspace#1\"\n            ],\n            \"type\": \"string\"\n          }\n        },\n        \"required\": [\n          \"ToyWorkspace\"\n        ],\n        \"type\": \"object\"\n      }\n    }\n  ]\n}\n",
    "tool_call_id": "call_7XTElQgszwvqeFolzTVRjTJD",
    "token_usage": {
      "input_tokens": 0,
      "output_tokens": 0,
      "total_tokens": 0
    }
  },
  {
    "role": "assistant",
    "content": "",
    "tool_calls": [
      {
        "id": "call_NTO26ZtAPfI5ZKs1105xuJHa",
        "function": {
          "name": "ToyWorkspace_build",
          "arguments": {}
        },
        "type": "function"
      }
    ],
    "token_usage": {
      "input_tokens": 1554,
      "output_tokens": 21,
      "total_tokens": 1575
    }
  },
  {
    "role": "user",
    "content": "{\n  \"result\": null\n}\n",
    "tool_call_id": "call_NTO26ZtAPfI5ZKs1105xuJHa",
    "token_usage": {
      "input_tokens": 0,
      "output_tokens": 0,
      "total_tokens": 0
    }
  },
  {
    "role": "assistant",
    "content": "",
    "tool_calls": [
      {
        "id": "call_xdMsbJdPS6fV0kRSywLhw7Ay",
        "function": {
          "name": "save",
          "arguments": {
            "result": "ToyWorkspace#2"
          }
        },
        "type": "function"
      }
    ],
    "token_usage": {
      "input_tokens": 1583,
      "output_tokens": 17,
      "total_tokens": 1600
    }
  },
  {
    "role": "user",
    "content": "ok",
    "tool_call_id": "call_xdMsbJdPS6fV0kRSywLhw7Ay",
    "token_usage": {
      "input_tokens": 0,
      "output_tokens": 0,
      "total_tokens": 0
    }
  }
]